main.c:108:6:HAL_TIM_IC_CaptureCallback	16	static
main.c:125:6:TxMailbox0CompleteCallback	16	static
main.c:130:6:TxMailbox1CompleteCallback	16	static
main.c:148:7:calcul_air	832	static
main.c:201:6:build_CAN_Msg	4	static
main.c:212:5:main	24	static
main.c:340:6:SystemClock_Config	176	static
main.c:391:13:MX_CAN1_Init	56	static
main.c:476:13:MX_TIM1_Init	96	static
main.c:551:13:MX_TIM3_Init	72	static
main.c:625:13:MX_USART3_UART_Init	8	static
main.c:658:13:MX_USB_OTG_FS_PCD_Init	8	static
main.c:694:13:MX_GPIO_Init	56	static
main.c:753:6:Error_Handler	8	static
